M0_mlp-d41b5f5312 citeseer M0_mlp m=5 seed=0 test_acc=0.3820
M1_gcn-a696294b89 citeseer M1_gcn m=5 seed=0 test_acc=0.6060
M2_lap-7d4598f35c citeseer M2_lap m=5 seed=0 test_acc=0.6150
M2_lap-e23a953e35 citeseer M2_lap m=5 seed=0 test_acc=0.6110
M2_lap-c1d456bee6 citeseer M2_lap m=5 seed=0 test_acc=0.6110
M2_lap-05c8f6d623 citeseer M2_lap m=5 seed=0 test_acc=0.5340
M2_lap-00ae3cc41b citeseer M2_lap m=5 seed=0 test_acc=0.5750
M2_lap-2d78cac7f4 citeseer M2_lap m=5 seed=0 test_acc=0.5680
M4_mrf_gcn-c0c9454951 citeseer M4_mrf_gcn beta=0.05 m=5 seed=0 test_acc=0.6060
M4_mrf_mlp-0cb7481aa8 citeseer M4_mrf_mlp beta=0.05 m=5 seed=0 test_acc=0.3890
M4_mrf_gcn_clamped-fecf46e19c citeseer M4_mrf_gcn_clamped beta=0.05 m=5 seed=0 test_acc=0.6060
M4_mrf_gcn-affc10d52a citeseer M4_mrf_gcn beta=0.1 m=5 seed=0 test_acc=0.6080
M4_mrf_mlp-74b0c2967f citeseer M4_mrf_mlp beta=0.1 m=5 seed=0 test_acc=0.3930
M4_mrf_gcn_clamped-f30e1c8c83 citeseer M4_mrf_gcn_clamped beta=0.1 m=5 seed=0 test_acc=0.6080
M4_mrf_gcn-73634b8691 citeseer M4_mrf_gcn beta=0.25 m=5 seed=0 test_acc=0.6160
M4_mrf_mlp-d4c3030820 citeseer M4_mrf_mlp beta=0.25 m=5 seed=0 test_acc=0.4230
M4_mrf_gcn_clamped-afe0bfdf7c citeseer M4_mrf_gcn_clamped beta=0.25 m=5 seed=0 test_acc=0.6160
M4_mrf_gcn-6c0d384a07 citeseer M4_mrf_gcn beta=0.5 m=5 seed=0 test_acc=0.6140
M4_mrf_mlp-0db8ee24f8 citeseer M4_mrf_mlp beta=0.5 m=5 seed=0 test_acc=0.4730
M4_mrf_gcn_clamped-4d8463ba0d citeseer M4_mrf_gcn_clamped beta=0.5 m=5 seed=0 test_acc=0.6140
M4_mrf_gcn-3973003338 citeseer M4_mrf_gcn beta=1.0 m=5 seed=0 test_acc=0.6110
M4_mrf_mlp-d43648c1c9 citeseer M4_mrf_mlp beta=1.0 m=5 seed=0 test_acc=0.5440
M4_mrf_gcn_clamped-68fcd4a388 citeseer M4_mrf_gcn_clamped beta=1.0 m=5 seed=0 test_acc=0.6110
M4_mrf_gcn-8cebfec109 citeseer M4_mrf_gcn beta=2.0 m=5 seed=0 test_acc=0.6150
M4_mrf_mlp-dcc2303f62 citeseer M4_mrf_mlp beta=2.0 m=5 seed=0 test_acc=0.5480
M4_mrf_gcn_clamped-b7dc98c92e citeseer M4_mrf_gcn_clamped beta=2.0 m=5 seed=0 test_acc=0.6150
M0_mlp-15e1d0d17d citeseer M0_mlp m=5 seed=1 test_acc=0.4940
M1_gcn-9f0042382b citeseer M1_gcn m=5 seed=1 test_acc=0.6110
M2_lap-26734e7345 citeseer M2_lap m=5 seed=1 test_acc=0.6160
M2_lap-9128de12a1 citeseer M2_lap m=5 seed=1 test_acc=0.6100
M2_lap-a413ff975b citeseer M2_lap m=5 seed=1 test_acc=0.6060
M2_lap-4cbcf1b17d citeseer M2_lap m=5 seed=1 test_acc=0.6180
M2_lap-ad373fdd16 citeseer M2_lap m=5 seed=1 test_acc=0.6090
M2_lap-baf5491148 citeseer M2_lap m=5 seed=1 test_acc=0.6540
M4_mrf_gcn-c56f20941d citeseer M4_mrf_gcn beta=0.05 m=5 seed=1 test_acc=0.6110
M4_mrf_mlp-ece0066181 citeseer M4_mrf_mlp beta=0.05 m=5 seed=1 test_acc=0.4990
M4_mrf_gcn_clamped-24d7d59cbf citeseer M4_mrf_gcn_clamped beta=0.05 m=5 seed=1 test_acc=0.6110
M4_mrf_gcn-e4bfd42b19 citeseer M4_mrf_gcn beta=0.1 m=5 seed=1 test_acc=0.6110
M4_mrf_mlp-5944f1e3da citeseer M4_mrf_mlp beta=0.1 m=5 seed=1 test_acc=0.5060
M4_mrf_gcn_clamped-327156767d citeseer M4_mrf_gcn_clamped beta=0.1 m=5 seed=1 test_acc=0.6110
M4_mrf_gcn-484371aeaa citeseer M4_mrf_gcn beta=0.25 m=5 seed=1 test_acc=0.6140
M4_mrf_mlp-c4c5656efb citeseer M4_mrf_mlp beta=0.25 m=5 seed=1 test_acc=0.5370
M4_mrf_gcn_clamped-021d78fcd5 citeseer M4_mrf_gcn_clamped beta=0.25 m=5 seed=1 test_acc=0.6140
M4_mrf_gcn-d5cf32146a citeseer M4_mrf_gcn beta=0.5 m=5 seed=1 test_acc=0.6100
M4_mrf_mlp-e5eecb456b citeseer M4_mrf_mlp beta=0.5 m=5 seed=1 test_acc=0.5710
M4_mrf_gcn_clamped-cea6a3e1da citeseer M4_mrf_gcn_clamped beta=0.5 m=5 seed=1 test_acc=0.6100
M4_mrf_gcn-327c907999 citeseer M4_mrf_gcn beta=1.0 m=5 seed=1 test_acc=0.6140
M4_mrf_mlp-617964fdbe citeseer M4_mrf_mlp beta=1.0 m=5 seed=1 test_acc=0.6080
M4_mrf_gcn_clamped-c93e47b627 citeseer M4_mrf_gcn_clamped beta=1.0 m=5 seed=1 test_acc=0.6140
M4_mrf_gcn-9588a46272 citeseer M4_mrf_gcn beta=2.0 m=5 seed=1 test_acc=0.6160
M4_mrf_mlp-c892ace879 citeseer M4_mrf_mlp beta=2.0 m=5 seed=1 test_acc=0.6450
M4_mrf_gcn_clamped-3a3c775bd7 citeseer M4_mrf_gcn_clamped beta=2.0 m=5 seed=1 test_acc=0.6160
M0_mlp-55380cb4df citeseer M0_mlp m=5 seed=2 test_acc=0.4400
M1_gcn-0bc505c72e citeseer M1_gcn m=5 seed=2 test_acc=0.5740
M2_lap-60195a5310 citeseer M2_lap m=5 seed=2 test_acc=0.5640
M2_lap-865a948af0 citeseer M2_lap m=5 seed=2 test_acc=0.5630
M2_lap-406564ed69 citeseer M2_lap m=5 seed=2 test_acc=0.5720
M2_lap-b3435db0d4 citeseer M2_lap m=5 seed=2 test_acc=0.5720
M2_lap-33af3c6436 citeseer M2_lap m=5 seed=2 test_acc=0.5560
M2_lap-7804b457ee citeseer M2_lap m=5 seed=2 test_acc=0.5080
M4_mrf_gcn-f76dfa95df citeseer M4_mrf_gcn beta=0.05 m=5 seed=2 test_acc=0.5780
M4_mrf_mlp-56b7e4631f citeseer M4_mrf_mlp beta=0.05 m=5 seed=2 test_acc=0.4480
M4_mrf_gcn_clamped-de99039f2c citeseer M4_mrf_gcn_clamped beta=0.05 m=5 seed=2 test_acc=0.5780
M4_mrf_gcn-dea280a74a citeseer M4_mrf_gcn beta=0.1 m=5 seed=2 test_acc=0.5820
M4_mrf_mlp-8f99aa8660 citeseer M4_mrf_mlp beta=0.1 m=5 seed=2 test_acc=0.4620
M4_mrf_gcn_clamped-92bdfc65b6 citeseer M4_mrf_gcn_clamped beta=0.1 m=5 seed=2 test_acc=0.5820
M4_mrf_gcn-d5a504e07e citeseer M4_mrf_gcn beta=0.25 m=5 seed=2 test_acc=0.5890
M4_mrf_mlp-ac7336e25a citeseer M4_mrf_mlp beta=0.25 m=5 seed=2 test_acc=0.4820
M4_mrf_gcn_clamped-745b95df12 citeseer M4_mrf_gcn_clamped beta=0.25 m=5 seed=2 test_acc=0.5890
M4_mrf_gcn-bfaad27e6c citeseer M4_mrf_gcn beta=0.5 m=5 seed=2 test_acc=0.6230
M4_mrf_mlp-4023d17ab1 citeseer M4_mrf_mlp beta=0.5 m=5 seed=2 test_acc=0.5340
M4_mrf_gcn_clamped-6583754b63 citeseer M4_mrf_gcn_clamped beta=0.5 m=5 seed=2 test_acc=0.6230
M4_mrf_gcn-2c1b938e53 citeseer M4_mrf_gcn beta=1.0 m=5 seed=2 test_acc=0.6340
M4_mrf_mlp-a7c1fa48da citeseer M4_mrf_mlp beta=1.0 m=5 seed=2 test_acc=0.5880
M4_mrf_gcn_clamped-dd2deb4c3a citeseer M4_mrf_gcn_clamped beta=1.0 m=5 seed=2 test_acc=0.6340
M4_mrf_gcn-6987447b5a citeseer M4_mrf_gcn beta=2.0 m=5 seed=2 test_acc=0.6480
M4_mrf_mlp-657b0fda1d citeseer M4_mrf_mlp beta=2.0 m=5 seed=2 test_acc=0.5980
M4_mrf_gcn_clamped-e55bfc57f9 citeseer M4_mrf_gcn_clamped beta=2.0 m=5 seed=2 test_acc=0.6480
M0_mlp-4f206d4dd2 citeseer M0_mlp m=5 seed=3 test_acc=0.4570
M1_gcn-4b087bd8b5 citeseer M1_gcn m=5 seed=3 test_acc=0.6060
M2_lap-71118f47b3 citeseer M2_lap m=5 seed=3 test_acc=0.6060
M2_lap-425fae2965 citeseer M2_lap m=5 seed=3 test_acc=0.6070
M2_lap-e24dda1881 citeseer M2_lap m=5 seed=3 test_acc=0.6080
M2_lap-4d8769a3cb citeseer M2_lap m=5 seed=3 test_acc=0.6080
M2_lap-d3cf917d4f citeseer M2_lap m=5 seed=3 test_acc=0.6160
M2_lap-519963d90a citeseer M2_lap m=5 seed=3 test_acc=0.6230
M4_mrf_gcn-58ce51ad43 citeseer M4_mrf_gcn beta=0.05 m=5 seed=3 test_acc=0.6070
M4_mrf_mlp-83b2dc10e6 citeseer M4_mrf_mlp beta=0.05 m=5 seed=3 test_acc=0.4670
M4_mrf_gcn_clamped-5b9ec31096 citeseer M4_mrf_gcn_clamped beta=0.05 m=5 seed=3 test_acc=0.6070
M4_mrf_gcn-76fc0c64dd citeseer M4_mrf_gcn beta=0.1 m=5 seed=3 test_acc=0.6110
M4_mrf_mlp-558875da88 citeseer M4_mrf_mlp beta=0.1 m=5 seed=3 test_acc=0.4730
M4_mrf_gcn_clamped-62802a8375 citeseer M4_mrf_gcn_clamped beta=0.1 m=5 seed=3 test_acc=0.6110
M4_mrf_gcn-2fc7106d6c citeseer M4_mrf_gcn beta=0.25 m=5 seed=3 test_acc=0.6150
M4_mrf_mlp-dde10b076c citeseer M4_mrf_mlp beta=0.25 m=5 seed=3 test_acc=0.5020
M4_mrf_gcn_clamped-b801272ff0 citeseer M4_mrf_gcn_clamped beta=0.25 m=5 seed=3 test_acc=0.6160
M4_mrf_gcn-b0cc87ff31 citeseer M4_mrf_gcn beta=0.5 m=5 seed=3 test_acc=0.6380
M4_mrf_mlp-48272299cb citeseer M4_mrf_mlp beta=0.5 m=5 seed=3 test_acc=0.5680
M4_mrf_gcn_clamped-96991f1ebf citeseer M4_mrf_gcn_clamped beta=0.5 m=5 seed=3 test_acc=0.6380
M4_mrf_gcn-62d31ff924 citeseer M4_mrf_gcn beta=1.0 m=5 seed=3 test_acc=0.6310
M4_mrf_mlp-2e78e21af6 citeseer M4_mrf_mlp beta=1.0 m=5 seed=3 test_acc=0.6180
M4_mrf_gcn_clamped-3eed93a9b8 citeseer M4_mrf_gcn_clamped beta=1.0 m=5 seed=3 test_acc=0.6300
M4_mrf_gcn-5249bb71db citeseer M4_mrf_gcn beta=2.0 m=5 seed=3 test_acc=0.6220
M4_mrf_mlp-d43c363ae0 citeseer M4_mrf_mlp beta=2.0 m=5 seed=3 test_acc=0.6180
M4_mrf_gcn_clamped-a7df2d6a2a citeseer M4_mrf_gcn_clamped beta=2.0 m=5 seed=3 test_acc=0.6220
M0_mlp-78d8db984f citeseer M0_mlp m=5 seed=4 test_acc=0.4870
M1_gcn-982e90365f citeseer M1_gcn m=5 seed=4 test_acc=0.5850
M2_lap-6e54676034 citeseer M2_lap m=5 seed=4 test_acc=0.5850
M2_lap-597cd39463 citeseer M2_lap m=5 seed=4 test_acc=0.5850
M2_lap-137c009e5f citeseer M2_lap m=5 seed=4 test_acc=0.5850
M2_lap-fdad318d52 citeseer M2_lap m=5 seed=4 test_acc=0.5910
M2_lap-8d20b270d3 citeseer M2_lap m=5 seed=4 test_acc=0.5930
M2_lap-5912c15dcd citeseer M2_lap m=5 seed=4 test_acc=0.6060
M4_mrf_gcn-729ce5a823 citeseer M4_mrf_gcn beta=0.05 m=5 seed=4 test_acc=0.5860
M4_mrf_mlp-30108e314b citeseer M4_mrf_mlp beta=0.05 m=5 seed=4 test_acc=0.4980
M4_mrf_gcn_clamped-e01dd20b02 citeseer M4_mrf_gcn_clamped beta=0.05 m=5 seed=4 test_acc=0.5860
M4_mrf_gcn-463d531ed3 citeseer M4_mrf_gcn beta=0.1 m=5 seed=4 test_acc=0.5840
M4_mrf_mlp-3ac871268d citeseer M4_mrf_mlp beta=0.1 m=5 seed=4 test_acc=0.5030
M4_mrf_gcn_clamped-11871a5146 citeseer M4_mrf_gcn_clamped beta=0.1 m=5 seed=4 test_acc=0.5840
M4_mrf_gcn-41eb89e26c citeseer M4_mrf_gcn beta=0.25 m=5 seed=4 test_acc=0.5890
M4_mrf_mlp-027adeb0f6 citeseer M4_mrf_mlp beta=0.25 m=5 seed=4 test_acc=0.5320
M4_mrf_gcn_clamped-5b18805f88 citeseer M4_mrf_gcn_clamped beta=0.25 m=5 seed=4 test_acc=0.5890
M4_mrf_gcn-e9187c6c8a citeseer M4_mrf_gcn beta=0.5 m=5 seed=4 test_acc=0.5980
M4_mrf_mlp-6603468567 citeseer M4_mrf_mlp beta=0.5 m=5 seed=4 test_acc=0.5620
M4_mrf_gcn_clamped-ecbad1ccb9 citeseer M4_mrf_gcn_clamped beta=0.5 m=5 seed=4 test_acc=0.5980
M4_mrf_gcn-c7d369a1c3 citeseer M4_mrf_gcn beta=1.0 m=5 seed=4 test_acc=0.6090
M4_mrf_mlp-5d067a60fd citeseer M4_mrf_mlp beta=1.0 m=5 seed=4 test_acc=0.6030
M4_mrf_gcn_clamped-f6f8ca2f81 citeseer M4_mrf_gcn_clamped beta=1.0 m=5 seed=4 test_acc=0.6080
M4_mrf_gcn-b13213fd71 citeseer M4_mrf_gcn beta=2.0 m=5 seed=4 test_acc=0.6110
M4_mrf_mlp-e4f1ea766f citeseer M4_mrf_mlp beta=2.0 m=5 seed=4 test_acc=0.6030
M4_mrf_gcn_clamped-2e1ffabde8 citeseer M4_mrf_gcn_clamped beta=2.0 m=5 seed=4 test_acc=0.6110
M0_mlp-c27db07327 citeseer M0_mlp m=5 seed=5 test_acc=0.4240
M1_gcn-bf7612b77e citeseer M1_gcn m=5 seed=5 test_acc=0.6090
M2_lap-fa984cf2a9 citeseer M2_lap m=5 seed=5 test_acc=0.6100
M2_lap-9ed5691623 citeseer M2_lap m=5 seed=5 test_acc=0.6090
M2_lap-f57757db92 citeseer M2_lap m=5 seed=5 test_acc=0.5940
M2_lap-20c80adee0 citeseer M2_lap m=5 seed=5 test_acc=0.5840
M2_lap-f775655afc citeseer M2_lap m=5 seed=5 test_acc=0.6050
M2_lap-86d59847c6 citeseer M2_lap m=5 seed=5 test_acc=0.5740
M4_mrf_gcn-cb2fb45815 citeseer M4_mrf_gcn beta=0.05 m=5 seed=5 test_acc=0.6100
M4_mrf_mlp-0211f7c9f4 citeseer M4_mrf_mlp beta=0.05 m=5 seed=5 test_acc=0.4290
M4_mrf_gcn_clamped-49fadb07fc citeseer M4_mrf_gcn_clamped beta=0.05 m=5 seed=5 test_acc=0.6100
M4_mrf_gcn-1c51a6341c citeseer M4_mrf_gcn beta=0.1 m=5 seed=5 test_acc=0.6100
M4_mrf_mlp-f4c66f42e2 citeseer M4_mrf_mlp beta=0.1 m=5 seed=5 test_acc=0.4320
M4_mrf_gcn_clamped-2ffb7fb358 citeseer M4_mrf_gcn_clamped beta=0.1 m=5 seed=5 test_acc=0.6100
M4_mrf_gcn-c28ebf4cc8 citeseer M4_mrf_gcn beta=0.25 m=5 seed=5 test_acc=0.6120
M4_mrf_mlp-c9b5b0c462 citeseer M4_mrf_mlp beta=0.25 m=5 seed=5 test_acc=0.4410
M4_mrf_gcn_clamped-7a6f61355a citeseer M4_mrf_gcn_clamped beta=0.25 m=5 seed=5 test_acc=0.6120
M4_mrf_gcn-590047f769 citeseer M4_mrf_gcn beta=0.5 m=5 seed=5 test_acc=0.6090
M4_mrf_mlp-719d00cc17 citeseer M4_mrf_mlp beta=0.5 m=5 seed=5 test_acc=0.4400
M4_mrf_gcn_clamped-f509564b09 citeseer M4_mrf_gcn_clamped beta=0.5 m=5 seed=5 test_acc=0.6090
M4_mrf_gcn-c2cd81d66f citeseer M4_mrf_gcn beta=1.0 m=5 seed=5 test_acc=0.6070
M4_mrf_mlp-7016ef90c4 citeseer M4_mrf_mlp beta=1.0 m=5 seed=5 test_acc=0.4740
M4_mrf_gcn_clamped-dd0fd9d89f citeseer M4_mrf_gcn_clamped beta=1.0 m=5 seed=5 test_acc=0.6070
M4_mrf_gcn-54db94959e citeseer M4_mrf_gcn beta=2.0 m=5 seed=5 test_acc=0.6000
M4_mrf_mlp-529da8c4a6 citeseer M4_mrf_mlp beta=2.0 m=5 seed=5 test_acc=0.5060
M4_mrf_gcn_clamped-49c1d25d35 citeseer M4_mrf_gcn_clamped beta=2.0 m=5 seed=5 test_acc=0.6000
M0_mlp-9c625337b8 citeseer M0_mlp m=5 seed=6 test_acc=0.3950
M1_gcn-bf52993a09 citeseer M1_gcn m=5 seed=6 test_acc=0.5600
M2_lap-09755a5ae0 citeseer M2_lap m=5 seed=6 test_acc=0.5610
M2_lap-ff683b7c26 citeseer M2_lap m=5 seed=6 test_acc=0.5590
M2_lap-c4d091b2f2 citeseer M2_lap m=5 seed=6 test_acc=0.5610
M2_lap-66ea37be74 citeseer M2_lap m=5 seed=6 test_acc=0.5680
M2_lap-77ff808cb5 citeseer M2_lap m=5 seed=6 test_acc=0.5730
M2_lap-922e9530f9 citeseer M2_lap m=5 seed=6 test_acc=0.5720
M4_mrf_gcn-1a29dba781 citeseer M4_mrf_gcn beta=0.05 m=5 seed=6 test_acc=0.5600
M4_mrf_mlp-835a565990 citeseer M4_mrf_mlp beta=0.05 m=5 seed=6 test_acc=0.4000
M4_mrf_gcn_clamped-4adb7b307b citeseer M4_mrf_gcn_clamped beta=0.05 m=5 seed=6 test_acc=0.5610
M4_mrf_gcn-be92e3ddca citeseer M4_mrf_gcn beta=0.1 m=5 seed=6 test_acc=0.5560
M4_mrf_mlp-5ee1b5e996 citeseer M4_mrf_mlp beta=0.1 m=5 seed=6 test_acc=0.4010
M4_mrf_gcn_clamped-0f3f24e343 citeseer M4_mrf_gcn_clamped beta=0.1 m=5 seed=6 test_acc=0.5570
M4_mrf_gcn-6e769233f1 citeseer M4_mrf_gcn beta=0.25 m=5 seed=6 test_acc=0.5340
M4_mrf_mlp-b646998880 citeseer M4_mrf_mlp beta=0.25 m=5 seed=6 test_acc=0.4230
M4_mrf_gcn_clamped-a4effe2ba7 citeseer M4_mrf_gcn_clamped beta=0.25 m=5 seed=6 test_acc=0.5350
M4_mrf_gcn-125ca129d6 citeseer M4_mrf_gcn beta=0.5 m=5 seed=6 test_acc=0.5400
M4_mrf_mlp-cbb51724b9 citeseer M4_mrf_mlp beta=0.5 m=5 seed=6 test_acc=0.4560
M4_mrf_gcn_clamped-62af5f6727 citeseer M4_mrf_gcn_clamped beta=0.5 m=5 seed=6 test_acc=0.5510
M4_mrf_gcn-e3b707e3c1 citeseer M4_mrf_gcn beta=1.0 m=5 seed=6 test_acc=0.5700
M4_mrf_mlp-5f31dd9a48 citeseer M4_mrf_mlp beta=1.0 m=5 seed=6 test_acc=0.4650
M4_mrf_gcn_clamped-f3ddab1371 citeseer M4_mrf_gcn_clamped beta=1.0 m=5 seed=6 test_acc=0.6260
M4_mrf_gcn-9ef9e61505 citeseer M4_mrf_gcn beta=2.0 m=5 seed=6 test_acc=0.6170
M4_mrf_mlp-2eea48d053 citeseer M4_mrf_mlp beta=2.0 m=5 seed=6 test_acc=0.4750
M4_mrf_gcn_clamped-6460e074b8 citeseer M4_mrf_gcn_clamped beta=2.0 m=5 seed=6 test_acc=0.6210
M0_mlp-1ac459233b citeseer M0_mlp m=5 seed=7 test_acc=0.4900
M1_gcn-c4c30fb249 citeseer M1_gcn m=5 seed=7 test_acc=0.6570
M2_lap-97990f06be citeseer M2_lap m=5 seed=7 test_acc=0.6530
M2_lap-b38ae5d78f citeseer M2_lap m=5 seed=7 test_acc=0.6620
M2_lap-9a1a49d48d citeseer M2_lap m=5 seed=7 test_acc=0.6560
M2_lap-a3f26ef2b3 citeseer M2_lap m=5 seed=7 test_acc=0.6550
M2_lap-2a37dac4cf citeseer M2_lap m=5 seed=7 test_acc=0.6390
M2_lap-78b09d77f7 citeseer M2_lap m=5 seed=7 test_acc=0.6010
M4_mrf_gcn-1758f8d011 citeseer M4_mrf_gcn beta=0.05 m=5 seed=7 test_acc=0.6570
M4_mrf_mlp-f8fa546c43 citeseer M4_mrf_mlp beta=0.05 m=5 seed=7 test_acc=0.4960
M4_mrf_gcn_clamped-618aa4bcf4 citeseer M4_mrf_gcn_clamped beta=0.05 m=5 seed=7 test_acc=0.6570
M4_mrf_gcn-2f7f91ed11 citeseer M4_mrf_gcn beta=0.1 m=5 seed=7 test_acc=0.6590
M4_mrf_mlp-485aacc696 citeseer M4_mrf_mlp beta=0.1 m=5 seed=7 test_acc=0.5020
M4_mrf_gcn_clamped-1f2a1de100 citeseer M4_mrf_gcn_clamped beta=0.1 m=5 seed=7 test_acc=0.6590
M4_mrf_gcn-aa825aa6d3 citeseer M4_mrf_gcn beta=0.25 m=5 seed=7 test_acc=0.6610
M4_mrf_mlp-6db53d19c4 citeseer M4_mrf_mlp beta=0.25 m=5 seed=7 test_acc=0.5210
M4_mrf_gcn_clamped-ab0d309448 citeseer M4_mrf_gcn_clamped beta=0.25 m=5 seed=7 test_acc=0.6610
M4_mrf_gcn-7690928a05 citeseer M4_mrf_gcn beta=0.5 m=5 seed=7 test_acc=0.6680
M4_mrf_mlp-d2eec0a24a citeseer M4_mrf_mlp beta=0.5 m=5 seed=7 test_acc=0.5320
M4_mrf_gcn_clamped-ccd258c181 citeseer M4_mrf_gcn_clamped beta=0.5 m=5 seed=7 test_acc=0.6680
M4_mrf_gcn-90e499a3f9 citeseer M4_mrf_gcn beta=1.0 m=5 seed=7 test_acc=0.6700
M4_mrf_mlp-f1bcf7d3e4 citeseer M4_mrf_mlp beta=1.0 m=5 seed=7 test_acc=0.5460
M4_mrf_gcn_clamped-efe511f802 citeseer M4_mrf_gcn_clamped beta=1.0 m=5 seed=7 test_acc=0.6700
M4_mrf_gcn-9b9566ea9a citeseer M4_mrf_gcn beta=2.0 m=5 seed=7 test_acc=0.6720
M4_mrf_mlp-0dc3483516 citeseer M4_mrf_mlp beta=2.0 m=5 seed=7 test_acc=0.5610
M4_mrf_gcn_clamped-b4990e13b3 citeseer M4_mrf_gcn_clamped beta=2.0 m=5 seed=7 test_acc=0.6720
M0_mlp-c55927f35f citeseer M0_mlp m=5 seed=8 test_acc=0.3740
M1_gcn-daa905418f citeseer M1_gcn m=5 seed=8 test_acc=0.4570
M2_lap-6f25c27105 citeseer M2_lap m=5 seed=8 test_acc=0.4590
M2_lap-c5b7a62fbf citeseer M2_lap m=5 seed=8 test_acc=0.4580
M2_lap-51b087a063 citeseer M2_lap m=5 seed=8 test_acc=0.4620
M2_lap-814145b938 citeseer M2_lap m=5 seed=8 test_acc=0.4870
M2_lap-1ee07e878a citeseer M2_lap m=5 seed=8 test_acc=0.4880
M2_lap-fef493bfe9 citeseer M2_lap m=5 seed=8 test_acc=0.4840
M4_mrf_gcn-c186d326d6 citeseer M4_mrf_gcn beta=0.05 m=5 seed=8 test_acc=0.4510
M4_mrf_mlp-cb78399ac2 citeseer M4_mrf_mlp beta=0.05 m=5 seed=8 test_acc=0.3820
M4_mrf_gcn_clamped-d7f54d55a0 citeseer M4_mrf_gcn_clamped beta=0.05 m=5 seed=8 test_acc=0.4510
M4_mrf_gcn-e93e1fcce7 citeseer M4_mrf_gcn beta=0.1 m=5 seed=8 test_acc=0.4470
M4_mrf_mlp-7472280d3b citeseer M4_mrf_mlp beta=0.1 m=5 seed=8 test_acc=0.3820
M4_mrf_gcn_clamped-543a011afb citeseer M4_mrf_gcn_clamped beta=0.1 m=5 seed=8 test_acc=0.4470
M4_mrf_gcn-1b8d86a082 citeseer M4_mrf_gcn beta=0.25 m=5 seed=8 test_acc=0.4360
M4_mrf_mlp-6679d44814 citeseer M4_mrf_mlp beta=0.25 m=5 seed=8 test_acc=0.3990
M4_mrf_gcn_clamped-0e3a6f85ac citeseer M4_mrf_gcn_clamped beta=0.25 m=5 seed=8 test_acc=0.4370
M4_mrf_gcn-5125e4eb9a citeseer M4_mrf_gcn beta=0.5 m=5 seed=8 test_acc=0.4370
M4_mrf_mlp-fc443f51f4 citeseer M4_mrf_mlp beta=0.5 m=5 seed=8 test_acc=0.4310
M4_mrf_gcn_clamped-e43e84b8a7 citeseer M4_mrf_gcn_clamped beta=0.5 m=5 seed=8 test_acc=0.4370
M4_mrf_gcn-970151a457 citeseer M4_mrf_gcn beta=1.0 m=5 seed=8 test_acc=0.4360
M4_mrf_mlp-b0b9a1c292 citeseer M4_mrf_mlp beta=1.0 m=5 seed=8 test_acc=0.4590
M4_mrf_gcn_clamped-df1ae0fc0e citeseer M4_mrf_gcn_clamped beta=1.0 m=5 seed=8 test_acc=0.4360
M4_mrf_gcn-103ff2daf1 citeseer M4_mrf_gcn beta=2.0 m=5 seed=8 test_acc=0.4390
M4_mrf_mlp-e8c396547f citeseer M4_mrf_mlp beta=2.0 m=5 seed=8 test_acc=0.4830
M4_mrf_gcn_clamped-25365c9fd8 citeseer M4_mrf_gcn_clamped beta=2.0 m=5 seed=8 test_acc=0.4390
M0_mlp-502d26fedb citeseer M0_mlp m=5 seed=9 test_acc=0.4520
M1_gcn-5fa806d63d citeseer M1_gcn m=5 seed=9 test_acc=0.6470
M2_lap-d39f3045f8 citeseer M2_lap m=5 seed=9 test_acc=0.6440
M2_lap-484aa7e72c citeseer M2_lap m=5 seed=9 test_acc=0.6460
M2_lap-9ec46bc66f citeseer M2_lap m=5 seed=9 test_acc=0.6240
M2_lap-92f160954c citeseer M2_lap m=5 seed=9 test_acc=0.5910
M2_lap-1054ad73fa citeseer M2_lap m=5 seed=9 test_acc=0.5800
M2_lap-b7dee2bf06 citeseer M2_lap m=5 seed=9 test_acc=0.5950
M4_mrf_gcn-140fef0fb4 citeseer M4_mrf_gcn beta=0.05 m=5 seed=9 test_acc=0.6510
M4_mrf_mlp-6f34268fd1 citeseer M4_mrf_mlp beta=0.05 m=5 seed=9 test_acc=0.4590
M4_mrf_gcn_clamped-2ee4344c7d citeseer M4_mrf_gcn_clamped beta=0.05 m=5 seed=9 test_acc=0.6510
M4_mrf_gcn-10805a3558 citeseer M4_mrf_gcn beta=0.1 m=5 seed=9 test_acc=0.6560
M4_mrf_mlp-cf031fa23f citeseer M4_mrf_mlp beta=0.1 m=5 seed=9 test_acc=0.4650
M4_mrf_gcn_clamped-be3f477cd7 citeseer M4_mrf_gcn_clamped beta=0.1 m=5 seed=9 test_acc=0.6560
M4_mrf_gcn-c062488a8c citeseer M4_mrf_gcn beta=0.25 m=5 seed=9 test_acc=0.6580
M4_mrf_mlp-d1e956d2d0 citeseer M4_mrf_mlp beta=0.25 m=5 seed=9 test_acc=0.4980
M4_mrf_gcn_clamped-a1e8da4a1c citeseer M4_mrf_gcn_clamped beta=0.25 m=5 seed=9 test_acc=0.6580
M4_mrf_gcn-45ea2ac6eb citeseer M4_mrf_gcn beta=0.5 m=5 seed=9 test_acc=0.6680
M4_mrf_mlp-5919faa726 citeseer M4_mrf_mlp beta=0.5 m=5 seed=9 test_acc=0.5520
M4_mrf_gcn_clamped-19de8ddffa citeseer M4_mrf_gcn_clamped beta=0.5 m=5 seed=9 test_acc=0.6680
M4_mrf_gcn-fe11ce09a2 citeseer M4_mrf_gcn beta=1.0 m=5 seed=9 test_acc=0.6630
M4_mrf_mlp-d0dd6201f4 citeseer M4_mrf_mlp beta=1.0 m=5 seed=9 test_acc=0.6020
M4_mrf_gcn_clamped-97311c9f0e citeseer M4_mrf_gcn_clamped beta=1.0 m=5 seed=9 test_acc=0.6630
M4_mrf_gcn-dfed538669 citeseer M4_mrf_gcn beta=2.0 m=5 seed=9 test_acc=0.6570
M4_mrf_mlp-aa56be2972 citeseer M4_mrf_mlp beta=2.0 m=5 seed=9 test_acc=0.6040
M4_mrf_gcn_clamped-7a960fc191 citeseer M4_mrf_gcn_clamped beta=2.0 m=5 seed=9 test_acc=0.6570
