sigma_x pilot on quarantined seeds [100, 101, 102] — acceptance band (0.7, 0.8)

 sigma_x  OracleF acc  (mean over pilot seeds, h=0.5)
    0.30       0.9610
    0.35       0.9114
    0.40       0.8562
    0.45       0.7999   [in band]
    0.50       0.7444   [in band]
    0.55       0.6905
    0.60       0.6449

band midpoint rule -> sigma_x = 0.5 (Oracle-F = 0.7444)

FROZEN sigma_x = 0.5

Generator check across the h grid at the frozen sigma_x (pilot seed 100):
     h    emp_h    adj_h      LI   degree  beta_gen  checks
  0.05   0.0510  -0.1072  0.0232    7.946    -1.150  OK
  0.15   0.1526   0.0113  0.0005    7.950     0.060  OK
  0.30   0.2957   0.1783  0.0397    7.933     0.947  OK
  0.50   0.4991   0.4157  0.1828    7.975     1.794  OK
  0.70   0.6991   0.6490  0.4090    7.936     2.642  OK
  0.90   0.9025   0.8862  0.7465    7.925     3.991  OK

Oracle-F accuracy is h-independent by construction (features do not depend on h):
  h=0.05: 0.7371
  h=0.9: 0.7371
